.\venv\Scripts\python.exe 
: C:\Users\Abhay\Desktop\fa
ce\venv\Lib\site-packages\o
nnxruntime\capi\onnxruntime
_validation.py:26: 
UserWarning: Unsupported 
Windows version (11). ONNX 
Runtime supports Windows 
10 and above, only.
At line:1 char:1
+ 
.\venv\Scripts\python.exe 
test_greetings.py > 
test_output.txt 2>&1
+ ~~~~~~~~~~~~~~~~~~~~~~~~~
~~~~~~~~~~~~~~~~~~~~~~~~~~~
~~~~~~~~~~~~~~
    + CategoryInfo         
     : NotSpecified: (C:\  
  Users\Abhay\...nd abov   
 e, only.:String) [], R    
emoteException
    + FullyQualifiedErrorI 
   d : NativeCommandError
 
  warnings.warn(
[Monitor:Entrance] \u274c 
ACCESS DENIED (RF 
invalid): 'Jerald Nepoleon'
..[Monitor:Entrance] 
\u274c ACCESS DENIED (RF 
invalid): 'Alice Smith'
..
---------------------------
---------------------------
----------------
Ran 4 tests in 0.259s

OK

[Scenario 3] Jerald Denied Greeting:
>> Attention, , , Jerald Nepoleon. A checkout is required before entry is allowed. Please follow the checkout procedure.

[Scenario 1] Jerald + Guests Greeting:
>> Hello, , , Jerald Nepoleon and your guests. Welcome back to the facility. Have a great day ahead.

[Scenario 4] Others Denied Greeting:
>> Excuse me, , , Alice Smith. Check out required.

[Scenario 2] Standard Person Greeting:
>> Good Evening, , , Alice Smith. Welcome.
